n/Unmasked_094.jpg
n/Unmasked_036.jpg
n/Unmasked_100.jpg
n/Unmasked_063.jpg
n/Unmasked_072.jpg
n/Unmasked_065.jpg
n/Unmasked_073.jpg
n/Unmasked_056.jpg
n/Unmasked_023.jpg
n/Unmasked_068.jpg
n/Unmasked_043.jpg
n/Unmasked_051.jpg
n/Unmasked_084.jpg
n/Unmasked_066.jpg
n/Unmasked_091.jpg
n/Unmasked_049.jpg
n/Unmasked_053.jpg
n/Unmasked_080.jpg
n/Unmasked_010.jpg
n/Unmasked_014.jpg
n/Unmasked_057.jpg
n/Unmasked_050.jpg
n/Unmasked_037.jpg
n/Unmasked_098.jpg
n/Unmasked_048.jpg
n/Unmasked_044.jpg
n/Unmasked_025.jpg
n/Unmasked_075.jpg
n/Unmasked_088.jpg
n/Unmasked_022.jpg
n/Unmasked_058.jpg
n/Unmasked_054.jpg
n/Unmasked_027.jpg
n/Unmasked_071.jpg
n/Unmasked_087.jpg
n/Unmasked_097.jpg
n/Unmasked_015.jpg
n/Unmasked_019.jpg
n/Unmasked_060.jpg
n/Unmasked_055.jpg
n/Unmasked_002.jpg
n/Unmasked_021.jpg
n/Unmasked_096.jpg
n/Unmasked_064.jpg
n/Unmasked_041.jpg
n/Unmasked_076.jpg
n/Unmasked_038.jpg
n/Unmasked_092.jpg
n/Unmasked_003.jpg
n/Unmasked_083.jpg
n/Unmasked_078.jpg
n/Unmasked_006.jpg
n/Unmasked_074.jpg
n/Unmasked_017.jpg
n/Unmasked_095.jpg
n/Unmasked_004.jpg
n/Unmasked_032.jpg
n/Unmasked_079.jpg
n/Unmasked_035.jpg
n/Unmasked_028.jpg
n/Unmasked_026.jpg
n/Unmasked_018.jpg
n/Unmasked_059.jpg
n/Unmasked_081.jpg
n/Unmasked_039.jpg
n/Unmasked_013.jpg
n/Unmasked_046.jpg
n/Unmasked_070.jpg
n/Unmasked_061.jpg
n/Unmasked_077.jpg
n/Unmasked_020.jpg
n/Unmasked_067.jpg
n/Unmasked_031.jpg
n/Unmasked_011.jpg
n/Unmasked_085.jpg
n/Unmasked_024.jpg
n/Unmasked_069.jpg
n/Unmasked_030.jpg
n/Unmasked_047.jpg
n/Unmasked_042.jpg
n/Unmasked_029.jpg
n/Unmasked_062.jpg
n/Unmasked_045.jpg
n/Unmasked_086.jpg
n/Unmasked_040.jpg
n/Unmasked_052.jpg
n/Unmasked_082.jpg
n/Unmasked_001.jpg
n/Unmasked_034.jpg
n/Unmasked_009.jpg
n/Unmasked_008.jpg
n/Unmasked_012.jpg
n/Unmasked_089.jpg
n/Unmasked_090.jpg
n/Unmasked_005.jpg
n/Unmasked_033.jpg
n/Unmasked_016.jpg
n/Unmasked_093.jpg
n/Unmasked_099.jpg
n/Unmasked_007.jpg